// Jest Snapshot v1, https://goo.gl/fbAQLP

exports[`normalizeCheckoutData normalizes the data, selects the default address and removes address 2 if empty 1`] = `
Object {
  "billingAddress": Object {
    "address1": "Avda. Málaga 2, Pueblo Andaluz, Bl5A",
    "address2": null,
    "address3": " ",
    "cellPhone": null,
    "city": "Portimao",
    "comment": null,
    "company": null,
    "country": "Spain",
    "description": null,
    "email": null,
    "firstName": "Test",
    "isDefaultBilling": true,
    "isDefaultShipping": true,
    "iso2Code": "PT",
    "lastName": "Last Name",
    "middleName": null,
    "phone": "68373739",
    "poBox": null,
    "salutation": "Mr",
    "zipCode": "8142",
  },
  "cartId": "1427e0dc-8550-5239-8e7e-1a6c32e8d52c",
  "deliveryAddress": Object {
    "address1": "Avda. Málaga 2, Pueblo Andaluz, Bl5A",
    "address2": null,
    "address3": " ",
    "cellPhone": null,
    "city": "Portimao",
    "comment": null,
    "company": null,
    "country": "Spain",
    "description": null,
    "email": null,
    "firstName": "Test",
    "isDefaultBilling": true,
    "isDefaultShipping": true,
    "iso2Code": "PT",
    "lastName": "Last Name",
    "middleName": null,
    "phone": "68373739",
    "poBox": null,
    "salutation": "Mr",
    "zipCode": "8142",
  },
  "deliveryMethod": "7",
  "lastUsedPaymentCode": "braintree",
  "maxDeliveryDays": 3,
  "minDeliveryDays": 1,
  "paymentMethods": Array [
    Object {
      "attributes": Object {
        "availableAmount": 10,
        "paymentMethodName": "Internal",
        "paymentProviderName": "AtidaPayment",
        "priority": null,
        "requiredRequestData": Array [
          "paymentMethod",
          "paymentProvider",
        ],
      },
      "id": "3",
      "type": "payment-methods",
    },
  ],
  "shipmentMethods": Array [
    Object {
      "attributes": Object {
        "carrierName": "Spryker Dummy Shipment",
        "currencyIsoCode": "EUR",
        "deliveryTime": null,
        "maxDeliveryDays": 3,
        "minDeliveryDays": 1,
        "name": "Standard",
        "price": 490,
      },
      "id": "7",
      "type": "shipment-methods",
    },
    Object {
      "attributes": Object {
        "carrierName": "Spryker Dummy Shipment",
        "currencyIsoCode": "EUR",
        "deliveryTime": null,
        "maxDeliveryDays": 3,
        "minDeliveryDays": 1,
        "name": "Express",
        "price": 590,
      },
      "id": "8",
      "type": "shipment-methods",
    },
  ],
  "taxReference": "12345678A",
}
`;
